[axis2-client-spring-boot-starter/2.3.x] 失败 - 分支切换失败
[axis2-client-spring-boot-starter/2.7.x] 失败 - 分支切换失败
[axis2-client-spring-boot-starter/3.0.x] 失败 - 分支切换失败
[axis2-client-spring-boot-starter/3.1.x] 失败 - 分支切换失败
[axis2-client-spring-boot-starter/3.2.x] 失败 - 分支切换失败
[[1;34mINFO[m] Scanning for projects...
[[1;34mINFO[m] 
[[1;34mINFO[m] [1m---------< [0;36mio.github.hiwepy:axis2-client-spring-boot-starter[0;1m >---------[m
[[1;34mINFO[m] [1mBuilding io.github.hiwepy:axis2-client-spring-boot-starter 4.0.x.20251227-SNAPSHOT[m
[[1;34mINFO[m] [1m--------------------------------[ jar ]---------------------------------[m
Downloading from aiban-tianyin-core: https://aiban-maven.pkg.coding.net/repository/tianyin/core/org/apache/axis2/axis2-kernel/1.8.2/axis2-kernel-1.8.2.pom
Progress (1): 4.0 kB
Progress (1): 6.9 kB
Progress (1): 9.7 kB
Progress (1): 11 kB 
                   
Downloaded from aiban-tianyin-core: https://aiban-maven.pkg.coding.net/repository/tianyin/core/org/apache/axis2/axis2-kernel/1.8.2/axis2-kernel-1.8.2.pom (11 kB at 16 kB/s)
Downloading from aiban-tianyin-core: https://aiban-maven.pkg.coding.net/repository/tianyin/core/org/apache/axis2/axis2/1.8.2/axis2-1.8.2.pom
Progress (1): 4.0 kB
Progress (1): 8.1 kB
Progress (1): 12 kB 
Progress (1): 15 kB
Progress (1): 18 kB
Progress (1): 22 kB
Progress (1): 26 kB
Progress (1): 29 kB
Progress (1): 33 kB
Progress (1): 37 kB
Progress (1): 41 kB
Progress (1): 43 kB
Progress (1): 47 kB
Progress (1): 51 kB
Progress (1): 55 kB
Progress (1): 59 kB
Progress (1): 63 kB
Progress (1): 68 kB
Progress (1): 71 kB
                   
Downloaded from aiban-tianyin-core: https://aiban-maven.pkg.coding.net/repository/tianyin/core/org/apache/axis2/axis2/1.8.2/axis2-1.8.2.pom (71 kB at 161 kB/s)
Downloading from aiban-tianyin-core: https://aiban-maven.pkg.coding.net/repository/tianyin/core/org/apache/ws/commons/axiom/axiom-api/1.4.0/axiom-api-1.4.0.pom
Progress (1): 4.1 kB
Progress (1): 8.2 kB
Progress (1): 12 kB 
Progress (1): 14 kB
                   
Downloaded from aiban-tianyin-core: https://aiban-maven.pkg.coding.net/repository/tianyin/core/org/apache/ws/commons/axiom/axiom-api/1.4.0/axiom-api-1.4.0.pom (14 kB at 12 kB/s)
Downloading from aiban-tianyin-core: https://aiban-maven.pkg.coding.net/repository/tianyin/core/org/apache/ws/commons/axiom/axiom/1.4.0/axiom-1.4.0.pom
Progress (1): 2.6 kB
Progress (1): 6.7 kB
Progress (1): 9.7 kB
Progress (1): 13 kB 
Progress (1): 16 kB
Progress (1): 21 kB
Progress (1): 25 kB
Progress (1): 28 kB
Progress (1): 32 kB
Progress (1): 36 kB
Progress (1): 40 kB
Progress (1): 44 kB
Progress (1): 47 kB
Progress (1): 50 kB
Progress (1): 53 kB
Progress (1): 57 kB
Progress (1): 61 kB
Progress (1): 63 kB
                   
Downloaded from aiban-tianyin-core: https://aiban-maven.pkg.coding.net/repository/tianyin/core/org/apache/ws/commons/axiom/axiom/1.4.0/axiom-1.4.0.pom (63 kB at 126 kB/s)
Downloading from aiban-tianyin-core: https://aiban-maven.pkg.coding.net/repository/tianyin/core/org/apache/ws/ws-parent/3/ws-parent-3.pom
Progress (1): 2.6 kB
Progress (1): 4.8 kB
                    
Downloaded from aiban-tianyin-core: https://aiban-maven.pkg.coding.net/repository/tianyin/core/org/apache/ws/ws-parent/3/ws-parent-3.pom (4.8 kB at 13 kB/s)
Downloading from aiban-tianyin-core: https://aiban-maven.pkg.coding.net/repository/tianyin/core/org/apache/apache/20/apache-20.pom
Downloaded from aiban-tianyin-core: https://aiban-maven.pkg.coding.net/repository/tianyin/core/org/apache/apache/20/apache-20.pom (0 B at 0 B/s)
Downloading from aiban-tianyin-core: https://aiban-maven.pkg.coding.net/repository/tianyin/core/jaxen/jaxen/2.0.0/jaxen-2.0.0.pom
Downloaded from aiban-tianyin-core: https://aiban-maven.pkg.coding.net/repository/tianyin/core/jaxen/jaxen/2.0.0/jaxen-2.0.0.pom (0 B at 0 B/s)
Downloading from aiban-tianyin-core: https://aiban-maven.pkg.coding.net/repository/tianyin/core/jaxen/jaxen-parent/2.0.0/jaxen-parent-2.0.0.pom
Downloaded from aiban-tianyin-core: https://aiban-maven.pkg.coding.net/repository/tianyin/core/jaxen/jaxen-parent/2.0.0/jaxen-parent-2.0.0.pom (0 B at 0 B/s)
Downloading from aiban-tianyin-core: https://aiban-maven.pkg.coding.net/repository/tianyin/core/org/apache/james/apache-mime4j-core/0.8.6/apache-mime4j-core-0.8.6.pom
Progress (1): 2.2 kB
                    
Downloaded from aiban-tianyin-core: https://aiban-maven.pkg.coding.net/repository/tianyin/core/org/apache/james/apache-mime4j-core/0.8.6/apache-mime4j-core-0.8.6.pom (2.2 kB at 6.3 kB/s)
Downloading from aiban-tianyin-core: https://aiban-maven.pkg.coding.net/repository/tianyin/core/org/apache/james/apache-mime4j-project/0.8.6/apache-mime4j-project-0.8.6.pom
Progress (1): 2.6 kB
Progress (1): 6.7 kB
Progress (1): 11 kB 
Progress (1): 11 kB
                   
Downloaded from aiban-tianyin-core: https://aiban-maven.pkg.coding.net/repository/tianyin/core/org/apache/james/apache-mime4j-project/0.8.6/apache-mime4j-project-0.8.6.pom (11 kB at 30 kB/s)
Downloading from aiban-tianyin-core: https://aiban-maven.pkg.coding.net/repository/tianyin/core/org/apache/ws/commons/axiom/axiom-impl/1.4.0/axiom-impl-1.4.0.pom
Progress (1): 3.9 kB
Progress (1): 6.7 kB
Progress (1): 11 kB 
Progress (1): 13 kB
                   
Downloaded from aiban-tianyin-core: https://aiban-maven.pkg.coding.net/repository/tianyin/core/org/apache/ws/commons/axiom/axiom-impl/1.4.0/axiom-impl-1.4.0.pom (13 kB at 23 kB/s)
Downloading from aiban-tianyin-core: https://aiban-maven.pkg.coding.net/repository/tianyin/core/org/apache/ws/commons/axiom/implementations/1.4.0/implementations-1.4.0.pom
Progress (1): 2.6 kB
Progress (1): 3.5 kB
                    
Downloaded from aiban-tianyin-core: https://aiban-maven.pkg.coding.net/repository/tianyin/core/org/apache/ws/commons/axiom/implementations/1.4.0/implementations-1.4.0.pom (3.5 kB at 11 kB/s)
Downloading from aiban-tianyin-core: https://aiban-maven.pkg.coding.net/repository/tianyin/core/com/fasterxml/woodstox/woodstox-core/7.0.0/woodstox-core-7.0.0.pom
Downloaded from aiban-tianyin-core: https://aiban-maven.pkg.coding.net/repository/tianyin/core/com/fasterxml/woodstox/woodstox-core/7.0.0/woodstox-core-7.0.0.pom (0 B at 0 B/s)
Downloading from aiban-tianyin-core: https://aiban-maven.pkg.coding.net/repository/tianyin/core/com/fasterxml/oss-parent/59/oss-parent-59.pom
Downloaded from aiban-tianyin-core: https://aiban-maven.pkg.coding.net/repository/tianyin/core/com/fasterxml/oss-parent/59/oss-parent-59.pom (0 B at 0 B/s)
Downloading from aiban-tianyin-core: https://aiban-maven.pkg.coding.net/repository/tianyin/core/org/apache/geronimo/specs/geronimo-ws-metadata_2.0_spec/1.1.3/geronimo-ws-metadata_2.0_spec-1.1.3.pom
Progress (1): 3.1 kB
                    
Downloaded from aiban-tianyin-core: https://aiban-maven.pkg.coding.net/repository/tianyin/core/org/apache/geronimo/specs/geronimo-ws-metadata_2.0_spec/1.1.3/geronimo-ws-metadata_2.0_spec-1.1.3.pom (3.1 kB at 7.7 kB/s)
Downloading from aiban-tianyin-core: https://aiban-maven.pkg.coding.net/repository/tianyin/core/javax/transaction/javax.transaction-api/1.3/javax.transaction-api-1.3.pom
Downloaded from aiban-tianyin-core: https://aiban-maven.pkg.coding.net/repository/tianyin/core/javax/transaction/javax.transaction-api/1.3/javax.transaction-api-1.3.pom (0 B at 0 B/s)
Downloading from aiban-tianyin-core: https://aiban-maven.pkg.coding.net/repository/tianyin/core/commons-fileupload/commons-fileupload/1.4/commons-fileupload-1.4.pom
Downloaded from aiban-tianyin-core: https://aiban-maven.pkg.coding.net/repository/tianyin/core/commons-fileupload/commons-fileupload/1.4/commons-fileupload-1.4.pom (0 B at 0 B/s)
Downloading from aiban-tianyin-core: https://aiban-maven.pkg.coding.net/repository/tianyin/core/org/apache/ws/xmlschema/xmlschema-core/2.3.1/xmlschema-core-2.3.1.pom
Progress (1): 2.6 kB
Progress (1): 6.7 kB
Progress (1): 6.9 kB
                    
Downloaded from aiban-tianyin-core: https://aiban-maven.pkg.coding.net/repository/tianyin/core/org/apache/ws/xmlschema/xmlschema-core/2.3.1/xmlschema-core-2.3.1.pom (6.9 kB at 20 kB/s)
Downloading from aiban-tianyin-core: https://aiban-maven.pkg.coding.net/repository/tianyin/core/org/apache/ws/xmlschema/xmlschema/2.3.1/xmlschema-2.3.1.pom
Progress (1): 2.6 kB
Progress (1): 6.7 kB
Progress (1): 11 kB 
Progress (1): 14 kB
Progress (1): 16 kB
Progress (1): 19 kB
Progress (1): 22 kB
Progress (1): 26 kB
Progress (1): 30 kB
Progress (1): 31 kB
                   
Downloaded from aiban-tianyin-core: https://aiban-maven.pkg.coding.net/repository/tianyin/core/org/apache/ws/xmlschema/xmlschema/2.3.1/xmlschema-2.3.1.pom (31 kB at 103 kB/s)
Downloading from aiban-tianyin-core: https://aiban-maven.pkg.coding.net/repository/tianyin/core/org/apache/neethi/neethi/3.2.0/neethi-3.2.0.pom
Progress (1): 2.6 kB
Progress (1): 6.7 kB
Progress (1): 9.7 kB
Progress (1): 13 kB 
Progress (1): 14 kB
                   
Downloaded from aiban-tianyin-core: https://aiban-maven.pkg.coding.net/repository/tianyin/core/org/apache/neethi/neethi/3.2.0/neethi-3.2.0.pom (14 kB at 38 kB/s)
Downloading from aiban-tianyin-core: https://aiban-maven.pkg.coding.net/repository/tianyin/core/org/apache/woden/woden-core/1.0M10/woden-core-1.0M10.pom
Progress (1): 3.9 kB
Progress (1): 4.4 kB
                    
Downloaded from aiban-tianyin-core: https://aiban-maven.pkg.coding.net/repository/tianyin/core/org/apache/woden/woden-core/1.0M10/woden-core-1.0M10.pom (4.4 kB at 13 kB/s)
Downloading from aiban-tianyin-core: https://aiban-maven.pkg.coding.net/repository/tianyin/core/org/apache/woden/woden/1.0M10/woden-1.0M10.pom
Progress (1): 2.6 kB
Progress (1): 6.7 kB
Progress (1): 9.6 kB
Progress (1): 11 kB 
                   
Downloaded from aiban-tianyin-core: https://aiban-maven.pkg.coding.net/repository/tianyin/core/org/apache/woden/woden/1.0M10/woden-1.0M10.pom (11 kB at 43 kB/s)
Downloading from aiban-tianyin-core: https://aiban-maven.pkg.coding.net/repository/tianyin/core/org/apache/ws/ws-parent/1/ws-parent-1.pom
Progress (1): 2.6 kB
Progress (1): 4.5 kB
                    
Downloaded from aiban-tianyin-core: https://aiban-maven.pkg.coding.net/repository/tianyin/core/org/apache/ws/ws-parent/1/ws-parent-1.pom (4.5 kB at 12 kB/s)
Downloading from aiban-tianyin-core: https://aiban-maven.pkg.coding.net/repository/tianyin/core/org/apache/axis2/axis2-adb/1.8.2/axis2-adb-1.8.2.pom
Progress (1): 3.9 kB
Progress (1): 5.4 kB
                    
Downloaded from aiban-tianyin-core: https://aiban-maven.pkg.coding.net/repository/tianyin/core/org/apache/axis2/axis2-adb/1.8.2/axis2-adb-1.8.2.pom (5.4 kB at 13 kB/s)
Downloading from aiban-tianyin-core: https://aiban-maven.pkg.coding.net/repository/tianyin/core/org/codehaus/woodstox/stax2-api/4.2.2/stax2-api-4.2.2.pom
Downloaded from aiban-tianyin-core: https://aiban-maven.pkg.coding.net/repository/tianyin/core/org/codehaus/woodstox/stax2-api/4.2.2/stax2-api-4.2.2.pom (0 B at 0 B/s)
Downloading from aiban-tianyin-core: https://aiban-maven.pkg.coding.net/repository/tianyin/core/org/apache/ws/commons/axiom/axiom-dom/1.4.0/axiom-dom-1.4.0.pom
Progress (1): 2.6 kB
Progress (1): 6.7 kB
Progress (1): 9.7 kB
Progress (1): 13 kB 
Progress (1): 16 kB
Progress (1): 17 kB
                   
Downloaded from aiban-tianyin-core: https://aiban-maven.pkg.coding.net/repository/tianyin/core/org/apache/ws/commons/axiom/axiom-dom/1.4.0/axiom-dom-1.4.0.pom (17 kB at 27 kB/s)
Downloading from aiban-tianyin-core: https://aiban-maven.pkg.coding.net/repository/tianyin/core/org/apache/axis2/axis2-transport-local/1.8.2/axis2-transport-local-1.8.2.pom
Progress (1): 3.9 kB
Progress (1): 4.8 kB
                    
Downloaded from aiban-tianyin-core: https://aiban-maven.pkg.coding.net/repository/tianyin/core/org/apache/axis2/axis2-transport-local/1.8.2/axis2-transport-local-1.8.2.pom (4.8 kB at 8.5 kB/s)
Downloading from aiban-tianyin-core: https://aiban-maven.pkg.coding.net/repository/tianyin/core/org/apache/axis2/axis2-transport-http/1.8.2/axis2-transport-http-1.8.2.pom
Progress (1): 4.1 kB
Progress (1): 4.9 kB
                    
Downloaded from aiban-tianyin-core: https://aiban-maven.pkg.coding.net/repository/tianyin/core/org/apache/axis2/axis2-transport-http/1.8.2/axis2-transport-http-1.8.2.pom (4.9 kB at 10 kB/s)
Downloading from aiban-tianyin-core: https://aiban-maven.pkg.coding.net/repository/tianyin/core/org/apache/axis2/addressing/1.8.2/addressing-1.8.2.pom
Progress (1): 4.1 kB
Progress (1): 5.2 kB
                    
Downloaded from aiban-tianyin-core: https://aiban-maven.pkg.coding.net/repository/tianyin/core/org/apache/axis2/addressing/1.8.2/addressing-1.8.2.pom (5.2 kB at 6.3 kB/s)
Downloading from aiban-tianyin-core: https://aiban-maven.pkg.coding.net/repository/tianyin/core/org/apache/axis2/axis2-kernel/1.8.2/axis2-kernel-1.8.2.jar
Downloading from aiban-tianyin-core: https://aiban-maven.pkg.coding.net/repository/tianyin/core/org/apache/ws/commons/axiom/axiom-impl/1.4.0/axiom-impl-1.4.0.jar
Downloading from aiban-tianyin-core: https://aiban-maven.pkg.coding.net/repository/tianyin/core/org/apache/james/apache-mime4j-core/0.8.6/apache-mime4j-core-0.8.6.jar
Downloading from aiban-tianyin-core: https://aiban-maven.pkg.coding.net/repository/tianyin/core/jaxen/jaxen/2.0.0/jaxen-2.0.0.jar
Downloading from aiban-tianyin-core: https://aiban-maven.pkg.coding.net/repository/tianyin/core/org/apache/ws/commons/axiom/axiom-api/1.4.0/axiom-api-1.4.0.jar
Downloaded from aiban-tianyin-core: https://aiban-maven.pkg.coding.net/repository/tianyin/core/jaxen/jaxen/2.0.0/jaxen-2.0.0.jar (0 B at 0 B/s)
Downloading from aiban-tianyin-core: https://aiban-maven.pkg.coding.net/repository/tianyin/core/com/fasterxml/woodstox/woodstox-core/7.0.0/woodstox-core-7.0.0.jar
Progress (1): 4.1 kB
Progress (1): 6.9 kB
Progress (1): 11 kB 
Progress (1): 14 kB
Progress (1): 17 kB
Progress (1): 19 kB
Progress (1): 23 kB
Progress (1): 27 kB
Progress (1): 31 kB
Progress (1): 36 kB
Progress (1): 39 kB
Progress (2): 39 kB | 4.1 kB
Progress (2): 43 kB | 4.1 kB
Progress (2): 43 kB | 6.9 kB
Progress (2): 47 kB | 6.9 kB
Progress (2): 47 kB | 11 kB 
Progress (2): 50 kB | 11 kB
Progress (2): 54 kB | 11 kB
Progress (2): 58 kB | 11 kB
Progress (2): 62 kB | 11 kB
Progress (2): 66 kB | 11 kB
Progress (2): 70 kB | 11 kB
Progress (2): 74 kB | 11 kB
Progress (2): 78 kB | 11 kB
Progress (2): 82 kB | 11 kB
Progress (2): 86 kB | 11 kB
Progress (2): 90 kB | 11 kB
Progress (2): 94 kB | 11 kB
Progress (2): 98 kB | 11 kB
Progress (2): 98 kB | 14 kB
Progress (2): 103 kB | 14 kB
Progress (2): 103 kB | 17 kB
Progress (2): 103 kB | 19 kB
Progress (2): 107 kB | 19 kB
Progress (2): 107 kB | 23 kB
Progress (2): 111 kB | 23 kB
Progress (2): 111 kB | 26 kB
Progress (2): 111 kB | 31 kB
Progress (2): 111 kB | 34 kB
Progress (2): 111 kB | 36 kB
Progress (2): 115 kB | 36 kB
Progress (2): 119 kB | 36 kB
Progress (2): 123 kB | 36 kB
Progress (2): 127 kB | 36 kB
Progress (2): 131 kB | 36 kB
Progress (2): 135 kB | 36 kB
Progress (2): 139 kB | 36 kB
Progress (2): 144 kB | 36 kB
Progress (2): 148 kB | 36 kB
Progress (2): 152 kB | 36 kB
Progress (2): 156 kB | 36 kB
Progress (2): 160 kB | 36 kB
Progress (2): 164 kB | 36 kB
Progress (2): 168 kB | 36 kB
Progress (2): 172 kB | 36 kB
Progress (2): 176 kB | 36 kB
Progress (2): 180 kB | 36 kB
Progress (2): 185 kB | 36 kB
Progress (2): 189 kB | 36 kB
Progress (2): 193 kB | 36 kB
Progress (2): 197 kB | 36 kB
Progress (2): 201 kB | 36 kB
Progress (2): 205 kB | 36 kB
Progress (2): 209 kB | 36 kB
Progress (2): 213 kB | 36 kB
Progress (2): 217 kB | 36 kB
Progress (2): 221 kB | 36 kB
Progress (2): 221 kB | 39 kB
Progress (2): 225 kB | 39 kB
Progress (2): 225 kB | 42 kB
Progress (2): 225 kB | 45 kB
Progress (2): 225 kB | 47 kB
Progress (2): 225 kB | 50 kB
Progress (2): 225 kB | 53 kB
Progress (2): 225 kB | 56 kB
Progress (2): 230 kB | 56 kB
Progress (2): 230 kB | 60 kB
Progress (2): 234 kB | 60 kB
Progress (2): 238 kB | 60 kB
Progress (2): 238 kB | 64 kB
Progress (2): 238 kB | 68 kB
Progress (2): 238 kB | 72 kB
Progress (2): 242 kB | 72 kB
Progress (2): 242 kB | 76 kB
Progress (2): 246 kB | 76 kB
Progress (2): 246 kB | 80 kB
Progress (2): 250 kB | 80 kB
Progress (2): 250 kB | 84 kB
Progress (2): 254 kB | 84 kB
Progress (2): 258 kB | 84 kB
Progress (2): 262 kB | 84 kB
Progress (2): 266 kB | 84 kB
Progress (2): 266 kB | 88 kB
Progress (2): 271 kB | 88 kB
Progress (2): 271 kB | 92 kB
Progress (2): 275 kB | 92 kB
Progress (2): 279 kB | 92 kB
Progress (2): 283 kB | 92 kB
Progress (2): 287 kB | 92 kB
Progress (2): 291 kB | 92 kB
Progress (2): 295 kB | 92 kB
Progress (2): 299 kB | 92 kB
Progress (2): 303 kB | 92 kB
Progress (2): 307 kB | 92 kB
Progress (2): 311 kB | 92 kB
Progress (2): 316 kB | 92 kB
Progress (2): 320 kB | 92 kB
Progress (2): 324 kB | 92 kB
Progress (2): 328 kB | 92 kB
Progress (2): 332 kB | 92 kB
Progress (2): 336 kB | 92 kB
Progress (2): 340 kB | 92 kB
Progress (2): 344 kB | 92 kB
Progress (2): 348 kB | 92 kB
Progress (2): 352 kB | 92 kB
Progress (2): 357 kB | 92 kB
Progress (2): 361 kB | 92 kB
Progress (2): 365 kB | 92 kB
Progress (2): 369 kB | 92 kB
Progress (2): 373 kB | 92 kB
Progress (2): 377 kB | 92 kB
Progress (2): 381 kB | 92 kB
Progress (2): 385 kB | 92 kB
Progress (2): 389 kB | 92 kB
Progress (2): 393 kB | 92 kB
Progress (2): 398 kB | 92 kB
Progress (2): 402 kB | 92 kB
Progress (2): 406 kB | 92 kB
Progress (2): 410 kB | 92 kB
Progress (2): 414 kB | 92 kB
Progress (2): 418 kB | 92 kB
Progress (2): 422 kB | 92 kB
Progress (2): 426 kB | 92 kB
Progress (2): 430 kB | 92 kB
Progress (2): 434 kB | 92 kB
Progress (2): 438 kB | 92 kB
Progress (2): 443 kB | 92 kB
Progress (2): 447 kB | 92 kB
Progress (2): 451 kB | 92 kB
Progress (2): 455 kB | 92 kB
Progress (2): 459 kB | 92 kB
Progress (2): 459 kB | 96 kB
Progress (2): 463 kB | 96 kB
Progress (2): 463 kB | 100 kB
Progress (2): 467 kB | 100 kB
Progress (2): 467 kB | 105 kB
Progress (2): 471 kB | 105 kB
Progress (2): 471 kB | 108 kB
Progress (2): 475 kB | 108 kB
Progress (2): 479 kB | 108 kB
Progress (2): 484 kB | 108 kB
Progress (2): 488 kB | 108 kB
Progress (2): 492 kB | 108 kB
Progress (2): 496 kB | 108 kB
Progress (2): 500 kB | 108 kB
Progress (2): 504 kB | 108 kB
Progress (2): 508 kB | 108 kB
Progress (2): 512 kB | 108 kB
Progress (2): 516 kB | 108 kB
Progress (2): 520 kB | 108 kB
Progress (2): 524 kB | 108 kB
Progress (2): 529 kB | 108 kB
Progress (2): 533 kB | 108 kB
Progress (2): 537 kB | 108 kB
Progress (2): 541 kB | 108 kB
Progress (2): 545 kB | 108 kB
Progress (2): 549 kB | 108 kB
Progress (2): 553 kB | 108 kB
Progress (2): 557 kB | 108 kB
Progress (2): 561 kB | 108 kB
Progress (2): 565 kB | 108 kB
Progress (2): 570 kB | 108 kB
Progress (2): 574 kB | 108 kB
Progress (2): 578 kB | 108 kB
Progress (2): 582 kB | 108 kB
Progress (2): 586 kB | 108 kB
Progress (2): 590 kB | 108 kB
Progress (2): 594 kB | 108 kB
Progress (2): 598 kB | 108 kB
Progress (2): 602 kB | 108 kB
Progress (2): 606 kB | 108 kB
Progress (2): 610 kB | 108 kB
Progress (2): 615 kB | 108 kB
Progress (2): 619 kB | 108 kB
Progress (2): 623 kB | 108 kB
Progress (2): 627 kB | 108 kB
Progress (2): 631 kB | 108 kB
Progress (2): 635 kB | 108 kB
Progress (2): 639 kB | 108 kB
Progress (2): 643 kB | 108 kB
Progress (2): 647 kB | 108 kB
Progress (2): 651 kB | 108 kB
Progress (2): 656 kB | 108 kB
Progress (2): 660 kB | 108 kB
Progress (2): 664 kB | 108 kB
Progress (2): 668 kB | 108 kB
Progress (2): 672 kB | 108 kB
Progress (2): 676 kB | 108 kB
Progress (2): 680 kB | 108 kB
Progress (2): 684 kB | 108 kB
Progress (2): 688 kB | 108 kB
Progress (2): 692 kB | 108 kB
Progress (2): 697 kB | 108 kB
Progress (2): 701 kB | 108 kB
Progress (3): 701 kB | 108 kB | 4.1 kB
Progress (3): 701 kB | 108 kB | 8.2 kB
Progress (3): 701 kB | 108 kB | 11 kB 
Progress (3): 705 kB | 108 kB | 11 kB
Progress (3): 709 kB | 108 kB | 11 kB
Progress (3): 713 kB | 108 kB | 11 kB
Progress (3): 717 kB | 108 kB | 11 kB
Progress (3): 721 kB | 108 kB | 11 kB
Progress (3): 725 kB | 108 kB | 11 kB
Progress (3): 729 kB | 108 kB | 11 kB
Progress (3): 733 kB | 108 kB | 11 kB
Progress (3): 737 kB | 108 kB | 11 kB
Progress (3): 742 kB | 108 kB | 11 kB
Progress (3): 746 kB | 108 kB | 11 kB
Progress (3): 750 kB | 108 kB | 11 kB
Progress (3): 754 kB | 108 kB | 11 kB
Progress (3): 758 kB | 108 kB | 11 kB
Progress (3): 762 kB | 108 kB | 11 kB
Progress (3): 766 kB | 108 kB | 11 kB
Progress (3): 770 kB | 108 kB | 11 kB
Progress (3): 774 kB | 108 kB | 11 kB
Progress (3): 778 kB | 108 kB | 11 kB
Progress (3): 783 kB | 108 kB | 11 kB
Progress (3): 787 kB | 108 kB | 11 kB
Progress (3): 791 kB | 108 kB | 11 kB
Progress (3): 795 kB | 108 kB | 11 kB
Progress (3): 799 kB | 108 kB | 11 kB
Progress (3): 803 kB | 108 kB | 11 kB
Progress (3): 807 kB | 108 kB | 11 kB
Progress (3): 811 kB | 108 kB | 11 kB
Progress (3): 815 kB | 108 kB | 11 kB
Progress (3): 819 kB | 108 kB | 11 kB
Progress (3): 823 kB | 108 kB | 11 kB
Progress (3): 828 kB | 108 kB | 11 kB
Progress (3): 832 kB | 108 kB | 11 kB
Progress (3): 836 kB | 108 kB | 11 kB
Progress (3): 840 kB | 108 kB | 11 kB
Progress (3): 844 kB | 108 kB | 11 kB
Progress (3): 848 kB | 108 kB | 11 kB
Progress (3): 852 kB | 108 kB | 11 kB
Progress (3): 856 kB | 108 kB | 11 kB
Progress (4): 856 kB | 108 kB | 11 kB | 4.0 kB
Progress (4): 856 kB | 108 kB | 11 kB | 8.1 kB
Progress (4): 860 kB | 108 kB | 11 kB | 8.1 kB
Progress (4): 864 kB | 108 kB | 11 kB | 8.1 kB
Progress (4): 869 kB | 108 kB | 11 kB | 8.1 kB
Progress (4): 873 kB | 108 kB | 11 kB | 8.1 kB
Progress (4): 877 kB | 108 kB | 11 kB | 8.1 kB
Progress (4): 877 kB | 108 kB | 14 kB | 8.1 kB
Progress (4): 881 kB | 108 kB | 14 kB | 8.1 kB
Progress (4): 881 kB | 108 kB | 17 kB | 8.1 kB
Progress (4): 885 kB | 108 kB | 17 kB | 8.1 kB
Progress (4): 885 kB | 108 kB | 21 kB | 8.1 kB
Progress (4): 885 kB | 108 kB | 25 kB | 8.1 kB
Progress (4): 885 kB | 108 kB | 28 kB | 8.1 kB
Progress (4): 885 kB | 108 kB | 31 kB | 8.1 kB
Progress (4): 885 kB | 108 kB | 34 kB | 8.1 kB
Progress (4): 885 kB | 108 kB | 36 kB | 8.1 kB
Progress (4): 885 kB | 108 kB | 39 kB | 8.1 kB
Progress (4): 889 kB | 108 kB | 39 kB | 8.1 kB
Progress (4): 893 kB | 108 kB | 39 kB | 8.1 kB
Progress (4): 897 kB | 108 kB | 39 kB | 8.1 kB
Progress (4): 901 kB | 108 kB | 39 kB | 8.1 kB
Progress (4): 905 kB | 108 kB | 39 kB | 8.1 kB
Progress (4): 910 kB | 108 kB | 39 kB | 8.1 kB
Progress (4): 914 kB | 108 kB | 39 kB | 8.1 kB
Progress (4): 918 kB | 108 kB | 39 kB | 8.1 kB
Progress (4): 922 kB | 108 kB | 39 kB | 8.1 kB
Progress (4): 926 kB | 108 kB | 39 kB | 8.1 kB
Progress (4): 930 kB | 108 kB | 39 kB | 8.1 kB
Progress (4): 934 kB | 108 kB | 39 kB | 8.1 kB
Progress (4): 938 kB | 108 kB | 39 kB | 8.1 kB
Progress (4): 942 kB | 108 kB | 39 kB | 8.1 kB
Progress (4): 946 kB | 108 kB | 39 kB | 8.1 kB
Progress (4): 950 kB | 108 kB | 39 kB | 8.1 kB
Progress (4): 955 kB | 108 kB | 39 kB | 8.1 kB
Progress (4): 959 kB | 108 kB | 39 kB | 8.1 kB
Progress (4): 963 kB | 108 kB | 39 kB | 8.1 kB
Progress (4): 967 kB | 108 kB | 39 kB | 8.1 kB
Progress (4): 971 kB | 108 kB | 39 kB | 8.1 kB
Progress (4): 975 kB | 108 kB | 39 kB | 8.1 kB
Progress (4): 979 kB | 108 kB | 39 kB | 8.1 kB
Progress (4): 983 kB | 108 kB | 39 kB | 8.1 kB
Progress (4): 987 kB | 108 kB | 39 kB | 8.1 kB
Progress (4): 991 kB | 108 kB | 39 kB | 8.1 kB
Progress (4): 996 kB | 108 kB | 39 kB | 8.1 kB
Progress (4): 1000 kB | 108 kB | 39 kB | 8.1 kB
Progress (4): 1.0 MB | 108 kB | 39 kB | 8.1 kB 
Progress (4): 1.0 MB | 108 kB | 39 kB | 8.1 kB
Progress (4): 1.0 MB | 108 kB | 39 kB | 8.1 kB
Progress (4): 1.0 MB | 108 kB | 39 kB | 8.1 kB
Progress (4): 1.0 MB | 108 kB | 39 kB | 8.1 kB
Progress (4): 1.0 MB | 108 kB | 39 kB | 8.1 kB
Progress (4): 1.0 MB | 108 kB | 39 kB | 8.1 kB
Progress (4): 1.0 MB | 108 kB | 39 kB | 12 kB 
Progress (4): 1.0 MB | 108 kB | 39 kB | 16 kB
Progress (4): 1.0 MB | 108 kB | 39 kB | 20 kB
Progress (4): 1.0 MB | 108 kB | 39 kB | 24 kB
Progress (4): 1.0 MB | 108 kB | 39 kB | 24 kB
Progress (4): 1.0 MB | 108 kB | 39 kB | 29 kB
Progress (4): 1.0 MB | 108 kB | 39 kB | 29 kB
Progress (4): 1.0 MB | 108 kB | 39 kB | 33 kB
Progress (4): 1.0 MB | 108 kB | 39 kB | 33 kB
Progress (4): 1.0 MB | 108 kB | 39 kB | 33 kB
Progress (4): 1.0 MB | 108 kB | 39 kB | 33 kB
Progress (4): 1.1 MB | 108 kB | 39 kB | 33 kB
Progress (4): 1.1 MB | 108 kB | 39 kB | 33 kB
Progress (4): 1.1 MB | 108 kB | 39 kB | 37 kB
Progress (4): 1.1 MB | 108 kB | 42 kB | 37 kB
Progress (4): 1.1 MB | 108 kB | 42 kB | 37 kB
Progress (4): 1.1 MB | 108 kB | 44 kB | 37 kB
Progress (4): 1.1 MB | 108 kB | 44 kB | 37 kB
Progress (4): 1.1 MB | 108 kB | 47 kB | 37 kB
Progress (4): 1.1 MB | 108 kB | 47 kB | 37 kB
Progress (4): 1.1 MB | 108 kB | 50 kB | 37 kB
Progress (4): 1.1 MB | 108 kB | 52 kB | 37 kB
Progress (4): 1.1 MB | 108 kB | 55 kB | 37 kB
Progress (4): 1.1 MB | 108 kB | 59 kB | 37 kB
Progress (4): 1.1 MB | 108 kB | 64 kB | 37 kB
Progress (4): 1.1 MB | 108 kB | 68 kB | 37 kB
Progress (4): 1.1 MB | 108 kB | 72 kB | 37 kB
Progress (4): 1.1 MB | 108 kB | 76 kB | 37 kB
Progress (4): 1.1 MB | 108 kB | 80 kB | 37 kB
Progress (4): 1.1 MB | 108 kB | 84 kB | 37 kB
Progress (4): 1.1 MB | 108 kB | 88 kB | 37 kB
Progress (4): 1.1 MB | 108 kB | 92 kB | 37 kB
Progress (4): 1.1 MB | 108 kB | 92 kB | 39 kB
Progress (4): 1.1 MB | 108 kB | 92 kB | 41 kB
Progress (4): 1.1 MB | 108 kB | 92 kB | 45 kB
Progress (4): 1.1 MB | 108 kB | 92 kB | 49 kB
Progress (4): 1.1 MB | 108 kB | 92 kB | 53 kB
Progress (4): 1.1 MB | 108 kB | 92 kB | 57 kB
Progress (4): 1.1 MB | 108 kB | 92 kB | 61 kB
Progress (4): 1.1 MB | 108 kB | 92 kB | 65 kB
Progress (4): 1.1 MB | 108 kB | 92 kB | 69 kB
Progress (4): 1.1 MB | 108 kB | 92 kB | 73 kB
Progress (4): 1.1 MB | 108 kB | 92 kB | 77 kB
Progress (4): 1.1 MB | 108 kB | 92 kB | 81 kB
Progress (4): 1.1 MB | 108 kB | 92 kB | 85 kB
Progress (4): 1.1 MB | 108 kB | 92 kB | 89 kB
Progress (4): 1.1 MB | 108 kB | 92 kB | 94 kB
Progress (4): 1.1 MB | 108 kB | 96 kB | 94 kB
Progress (4): 1.1 MB | 108 kB | 100 kB | 94 kB
Progress (4): 1.1 MB | 108 kB | 104 kB | 94 kB
Progress (4): 1.1 MB | 108 kB | 109 kB | 94 kB
Progress (4): 1.1 MB | 108 kB | 113 kB | 94 kB
Progress (4): 1.1 MB | 108 kB | 117 kB | 94 kB
Progress (4): 1.1 MB | 108 kB | 121 kB | 94 kB
Progress (4): 1.1 MB | 108 kB | 125 kB | 94 kB
Progress (4): 1.1 MB | 108 kB | 129 kB | 94 kB
Progress (4): 1.1 MB | 108 kB | 133 kB | 94 kB
Progress (4): 1.1 MB | 108 kB | 137 kB | 94 kB
Progress (4): 1.1 MB | 108 kB | 141 kB | 94 kB
Progress (4): 1.1 MB | 108 kB | 145 kB | 94 kB
Progress (4): 1.1 MB | 108 kB | 149 kB | 94 kB
Progress (4): 1.1 MB | 108 kB | 154 kB | 94 kB
Progress (4): 1.1 MB | 108 kB | 158 kB | 94 kB
Progress (4): 1.1 MB | 108 kB | 162 kB | 94 kB
Progress (4): 1.1 MB | 108 kB | 166 kB | 94 kB
Progress (4): 1.1 MB | 108 kB | 170 kB | 94 kB
Progress (4): 1.1 MB | 108 kB | 174 kB | 94 kB
Progress (4): 1.1 MB | 108 kB | 178 kB | 94 kB
Progress (4): 1.1 MB | 108 kB | 182 kB | 94 kB
Progress (4): 1.1 MB | 108 kB | 186 kB | 94 kB
Progress (4): 1.1 MB | 108 kB | 190 kB | 94 kB
Progress (4): 1.1 MB | 108 kB | 195 kB | 94 kB
Progress (4): 1.1 MB | 108 kB | 199 kB | 94 kB
Progress (4): 1.1 MB | 108 kB | 203 kB | 94 kB
Progress (4): 1.1 MB | 108 kB | 203 kB | 98 kB
Progress (4): 1.1 MB | 108 kB | 207 kB | 98 kB
Progress (4): 1.1 MB | 108 kB | 207 kB | 102 kB
Progress (4): 1.1 MB | 108 kB | 207 kB | 106 kB
Progress (4): 1.1 MB | 108 kB | 207 kB | 110 kB
Progress (4): 1.1 MB | 108 kB | 207 kB | 114 kB
Progress (4): 1.1 MB | 108 kB | 207 kB | 118 kB
Progress (4): 1.1 MB | 108 kB | 207 kB | 122 kB
Progress (4): 1.1 MB | 108 kB | 207 kB | 126 kB
Progress (4): 1.1 MB | 108 kB | 207 kB | 130 kB
Progress (4): 1.1 MB | 108 kB | 207 kB | 134 kB
Progress (4): 1.1 MB | 108 kB | 207 kB | 139 kB
Progress (4): 1.1 MB | 108 kB | 207 kB | 143 kB
Progress (4): 1.1 MB | 108 kB | 207 kB | 147 kB
Progress (4): 1.1 MB | 108 kB | 207 kB | 151 kB
Progress (4): 1.1 MB | 108 kB | 207 kB | 155 kB
Progress (4): 1.1 MB | 108 kB | 207 kB | 159 kB
Progress (4): 1.1 MB | 108 kB | 207 kB | 163 kB
Progress (4): 1.1 MB | 108 kB | 207 kB | 167 kB
Progress (4): 1.1 MB | 108 kB | 211 kB | 167 kB
Progress (4): 1.1 MB | 108 kB | 211 kB | 171 kB
Progress (4): 1.1 MB | 108 kB | 211 kB | 175 kB
Progress (4): 1.1 MB | 108 kB | 211 kB | 180 kB
Progress (4): 1.1 MB | 108 kB | 211 kB | 184 kB
Progress (4): 1.1 MB | 108 kB | 211 kB | 188 kB
Progress (4): 1.1 MB | 108 kB | 211 kB | 192 kB
Progress (4): 1.1 MB | 108 kB | 211 kB | 196 kB
Progress (4): 1.1 MB | 108 kB | 211 kB | 200 kB
Progress (4): 1.1 MB | 108 kB | 211 kB | 204 kB
Progress (4): 1.1 MB | 108 kB | 215 kB | 204 kB
Progress (4): 1.1 MB | 108 kB | 219 kB | 204 kB
Progress (4): 1.1 MB | 108 kB | 223 kB | 204 kB
Progress (4): 1.1 MB | 108 kB | 227 kB | 204 kB
Progress (4): 1.1 MB | 108 kB | 231 kB | 204 kB
Progress (4): 1.1 MB | 108 kB | 235 kB | 204 kB
Progress (4): 1.1 MB | 108 kB | 240 kB | 204 kB
Progress (4): 1.1 MB | 108 kB | 244 kB | 204 kB
Progress (4): 1.1 MB | 108 kB | 248 kB | 204 kB
Progress (4): 1.1 MB | 108 kB | 252 kB | 204 kB
Progress (4): 1.1 MB | 108 kB | 256 kB | 204 kB
Progress (4): 1.1 MB | 108 kB | 260 kB | 204 kB
Progress (4): 1.1 MB | 108 kB | 264 kB | 204 kB
Progress (4): 1.1 MB | 108 kB | 268 kB | 204 kB
Progress (4): 1.1 MB | 108 kB | 272 kB | 204 kB
Progress (4): 1.1 MB | 108 kB | 276 kB | 204 kB
Progress (4): 1.1 MB | 108 kB | 281 kB | 204 kB
Progress (4): 1.1 MB | 108 kB | 285 kB | 204 kB
Progress (4): 1.1 MB | 108 kB | 289 kB | 204 kB
Progress (4): 1.1 MB | 108 kB | 293 kB | 204 kB
Progress (4): 1.1 MB | 108 kB | 297 kB | 204 kB
Progress (4): 1.1 MB | 108 kB | 301 kB | 204 kB
Progress (4): 1.1 MB | 108 kB | 305 kB | 204 kB
Progress (4): 1.1 MB | 108 kB | 305 kB | 208 kB
Progress (4): 1.1 MB | 108 kB | 308 kB | 208 kB
Progress (4): 1.1 MB | 108 kB | 308 kB | 212 kB
Progress (4): 1.1 MB | 108 kB | 308 kB | 216 kB
Progress (4): 1.1 MB | 108 kB | 308 kB | 220 kB
Progress (4): 1.1 MB | 108 kB | 308 kB | 225 kB
Progress (4): 1.1 MB | 108 kB | 308 kB | 229 kB
Progress (4): 1.1 MB | 108 kB | 308 kB | 233 kB
Progress (4): 1.1 MB | 108 kB | 308 kB | 237 kB
Progress (4): 1.1 MB | 108 kB | 308 kB | 241 kB
Progress (4): 1.1 MB | 108 kB | 308 kB | 245 kB
Progress (4): 1.1 MB | 108 kB | 308 kB | 249 kB
Progress (4): 1.1 MB | 108 kB | 308 kB | 253 kB
Progress (4): 1.1 MB | 108 kB | 308 kB | 257 kB
Progress (4): 1.1 MB | 108 kB | 308 kB | 261 kB
Progress (4): 1.1 MB | 108 kB | 308 kB | 266 kB
Progress (4): 1.1 MB | 108 kB | 308 kB | 270 kB
Progress (4): 1.1 MB | 108 kB | 308 kB | 274 kB
Progress (4): 1.1 MB | 108 kB | 308 kB | 278 kB
Progress (4): 1.1 MB | 108 kB | 308 kB | 282 kB
Progress (4): 1.1 MB | 108 kB | 308 kB | 286 kB
Progress (4): 1.1 MB | 108 kB | 308 kB | 290 kB
Progress (4): 1.1 MB | 108 kB | 308 kB | 294 kB
Progress (4): 1.1 MB | 108 kB | 308 kB | 298 kB
Progress (4): 1.1 MB | 108 kB | 308 kB | 302 kB
Progress (4): 1.1 MB | 108 kB | 308 kB | 306 kB
Progress (4): 1.1 MB | 108 kB | 308 kB | 311 kB
Progress (4): 1.1 MB | 108 kB | 308 kB | 315 kB
Progress (4): 1.1 MB | 108 kB | 308 kB | 319 kB
Progress (4): 1.1 MB | 108 kB | 308 kB | 323 kB
Progress (4): 1.1 MB | 108 kB | 308 kB | 327 kB
Progress (4): 1.1 MB | 108 kB | 308 kB | 331 kB
Progress (4): 1.1 MB | 108 kB | 308 kB | 335 kB
Progress (4): 1.1 MB | 108 kB | 308 kB | 339 kB
Progress (4): 1.1 MB | 108 kB | 308 kB | 343 kB
Progress (4): 1.1 MB | 108 kB | 308 kB | 347 kB
Progress (4): 1.1 MB | 108 kB | 308 kB | 352 kB
Progress (4): 1.1 MB | 108 kB | 308 kB | 356 kB
Progress (4): 1.1 MB | 108 kB | 308 kB | 360 kB
Progress (4): 1.1 MB | 108 kB | 308 kB | 364 kB
Progress (4): 1.1 MB | 108 kB | 308 kB | 368 kB
Progress (4): 1.1 MB | 108 kB | 308 kB | 372 kB
Progress (4): 1.1 MB | 108 kB | 308 kB | 376 kB
Progress (4): 1.1 MB | 108 kB | 308 kB | 380 kB
Progress (4): 1.1 MB | 108 kB | 308 kB | 384 kB
Progress (4): 1.1 MB | 108 kB | 308 kB | 388 kB
Progress (4): 1.1 MB | 108 kB | 308 kB | 392 kB
Progress (4): 1.1 MB | 108 kB | 308 kB | 397 kB
Progress (4): 1.1 MB | 108 kB | 308 kB | 401 kB
Progress (4): 1.1 MB | 108 kB | 308 kB | 405 kB
Progress (4): 1.1 MB | 108 kB | 308 kB | 409 kB
Progress (4): 1.1 MB | 108 kB | 308 kB | 413 kB
Progress (4): 1.1 MB | 108 kB | 308 kB | 417 kB
Progress (4): 1.1 MB | 108 kB | 308 kB | 421 kB
Progress (4): 1.1 MB | 108 kB | 308 kB | 425 kB
Progress (4): 1.1 MB | 108 kB | 308 kB | 429 kB
Progress (4): 1.1 MB | 108 kB | 308 kB | 433 kB
Progress (4): 1.1 MB | 108 kB | 308 kB | 438 kB
Progress (4): 1.1 MB | 108 kB | 308 kB | 442 kB
Progress (4): 1.1 MB | 108 kB | 308 kB | 446 kB
Progress (4): 1.1 MB | 108 kB | 308 kB | 450 kB
Progress (4): 1.1 MB | 108 kB | 308 kB | 454 kB
Progress (4): 1.1 MB | 108 kB | 308 kB | 458 kB
Progress (4): 1.1 MB | 108 kB | 308 kB | 462 kB
Progress (4): 1.1 MB | 108 kB | 308 kB | 466 kB
Progress (4): 1.1 MB | 108 kB | 308 kB | 470 kB
Progress (4): 1.1 MB | 108 kB | 308 kB | 474 kB
Progress (4): 1.1 MB | 108 kB | 308 kB | 478 kB
Progress (4): 1.1 MB | 108 kB | 308 kB | 483 kB
Progress (4): 1.1 MB | 108 kB | 308 kB | 487 kB
Progress (4): 1.1 MB | 108 kB | 308 kB | 491 kB
Progress (4): 1.1 MB | 108 kB | 308 kB | 495 kB
Progress (4): 1.1 MB | 108 kB | 308 kB | 499 kB
Progress (4): 1.1 MB | 108 kB | 308 kB | 503 kB
Progress (4): 1.1 MB | 108 kB | 308 kB | 507 kB
Progress (4): 1.1 MB | 108 kB | 308 kB | 511 kB
Progress (4): 1.1 MB | 108 kB | 308 kB | 515 kB
Progress (4): 1.1 MB | 108 kB | 308 kB | 519 kB
Progress (4): 1.1 MB | 108 kB | 308 kB | 523 kB
Progress (4): 1.1 MB | 108 kB | 308 kB | 528 kB
Progress (4): 1.1 MB | 108 kB | 308 kB | 532 kB
Progress (4): 1.1 MB | 108 kB | 308 kB | 536 kB
Progress (4): 1.1 MB | 108 kB | 308 kB | 540 kB
Progress (4): 1.1 MB | 108 kB | 308 kB | 544 kB
                                               
Downloaded from aiban-tianyin-core: https://aiban-maven.pkg.coding.net/repository/tianyin/core/com/fasterxml/woodstox/woodstox-core/7.0.0/woodstox-core-7.0.0.jar (0 B at 0 B/s)
Progress (4): 1.1 MB | 108 kB | 308 kB | 546 kB
                                               
Downloading from aiban-tianyin-core: https://aiban-maven.pkg.coding.net/repository/tianyin/core/org/apache/geronimo/specs/geronimo-ws-metadata_2.0_spec/1.1.3/geronimo-ws-metadata_2.0_spec-1.1.3.jar
Downloaded from aiban-tianyin-core: https://aiban-maven.pkg.coding.net/repository/tianyin/core/org/apache/james/apache-mime4j-core/0.8.6/apache-mime4j-core-0.8.6.jar (108 kB at 128 kB/s)
Downloading from aiban-tianyin-core: https://aiban-maven.pkg.coding.net/repository/tianyin/core/javax/transaction/javax.transaction-api/1.3/javax.transaction-api-1.3.jar
Downloaded from aiban-tianyin-core: https://aiban-maven.pkg.coding.net/repository/tianyin/core/org/apache/axis2/axis2-kernel/1.8.2/axis2-kernel-1.8.2.jar (1.1 MB at 1.2 MB/s)
Downloading from aiban-tianyin-core: https://aiban-maven.pkg.coding.net/repository/tianyin/core/javax/servlet/javax.servlet-api/3.1.0/javax.servlet-api-3.1.0.jar
Downloaded from aiban-tianyin-core: https://aiban-maven.pkg.coding.net/repository/tianyin/core/org/apache/ws/commons/axiom/axiom-api/1.4.0/axiom-api-1.4.0.jar (308 kB at 339 kB/s)
Downloading from aiban-tianyin-core: https://aiban-maven.pkg.coding.net/repository/tianyin/core/commons-fileupload/commons-fileupload/1.4/commons-fileupload-1.4.jar
Progress (2): 546 kB | 2.6 kB
Progress (2): 546 kB | 6.7 kB
Progress (2): 546 kB | 9.7 kB
Progress (2): 546 kB | 12 kB 
Progress (2): 546 kB | 15 kB
Progress (2): 546 kB | 16 kB
                            
Downloaded from aiban-tianyin-core: https://aiban-maven.pkg.coding.net/repository/tianyin/core/org/apache/ws/commons/axiom/axiom-impl/1.4.0/axiom-impl-1.4.0.jar (546 kB at 576 kB/s)
Downloading from aiban-tianyin-core: https://aiban-maven.pkg.coding.net/repository/tianyin/core/org/apache/ws/xmlschema/xmlschema-core/2.3.1/xmlschema-core-2.3.1.jar
Downloaded from aiban-tianyin-core: https://aiban-maven.pkg.coding.net/repository/tianyin/core/javax/transaction/javax.transaction-api/1.3/javax.transaction-api-1.3.jar (0 B at 0 B/s)
Downloading from aiban-tianyin-core: https://aiban-maven.pkg.coding.net/repository/tianyin/core/org/apache/neethi/neethi/3.2.0/neethi-3.2.0.jar
Downloaded from aiban-tianyin-core: https://aiban-maven.pkg.coding.net/repository/tianyin/core/javax/servlet/javax.servlet-api/3.1.0/javax.servlet-api-3.1.0.jar (0 B at 0 B/s)
Downloading from aiban-tianyin-core: https://aiban-maven.pkg.coding.net/repository/tianyin/core/org/apache/woden/woden-core/1.0M10/woden-core-1.0M10.jar
Downloaded from aiban-tianyin-core: https://aiban-maven.pkg.coding.net/repository/tianyin/core/commons-fileupload/commons-fileupload/1.4/commons-fileupload-1.4.jar (0 B at 0 B/s)
Downloading from aiban-tianyin-core: https://aiban-maven.pkg.coding.net/repository/tianyin/core/org/apache/axis2/axis2-adb/1.8.2/axis2-adb-1.8.2.jar
Downloaded from aiban-tianyin-core: https://aiban-maven.pkg.coding.net/repository/tianyin/core/org/apache/geronimo/specs/geronimo-ws-metadata_2.0_spec/1.1.3/geronimo-ws-metadata_2.0_spec-1.1.3.jar (16 kB at 14 kB/s)
Downloading from aiban-tianyin-core: https://aiban-maven.pkg.coding.net/repository/tianyin/core/org/apache/ws/commons/axiom/axiom-dom/1.4.0/axiom-dom-1.4.0.jar
Progress (1): 4.0 kB
Progress (1): 8.1 kB
Progress (1): 12 kB 
Progress (1): 15 kB
Progress (1): 19 kB
Progress (1): 22 kB
Progress (1): 26 kB
Progress (1): 30 kB
Progress (1): 35 kB
Progress (1): 39 kB
Progress (2): 39 kB | 4.0 kB
Progress (2): 43 kB | 4.0 kB
Progress (2): 43 kB | 8.1 kB
Progress (2): 46 kB | 8.1 kB
Progress (2): 46 kB | 12 kB 
Progress (2): 50 kB | 12 kB
Progress (2): 54 kB | 12 kB
Progress (2): 58 kB | 12 kB
Progress (2): 62 kB | 12 kB
Progress (2): 62 kB | 16 kB
Progress (2): 66 kB | 16 kB
Progress (2): 70 kB | 16 kB
Progress (2): 73 kB | 16 kB
Progress (2): 77 kB | 16 kB
Progress (2): 77 kB | 19 kB
Progress (2): 80 kB | 19 kB
Progress (2): 80 kB | 23 kB
Progress (2): 84 kB | 23 kB
Progress (2): 88 kB | 23 kB
Progress (2): 92 kB | 23 kB
Progress (2): 96 kB | 23 kB
Progress (2): 100 kB | 23 kB
Progress (2): 100 kB | 28 kB
Progress (2): 104 kB | 28 kB
Progress (2): 104 kB | 31 kB
Progress (2): 108 kB | 31 kB
Progress (2): 108 kB | 35 kB
Progress (2): 111 kB | 35 kB
Progress (2): 115 kB | 35 kB
Progress (2): 119 kB | 35 kB
Progress (2): 123 kB | 35 kB
Progress (2): 127 kB | 35 kB
Progress (2): 127 kB | 38 kB
Progress (2): 130 kB | 38 kB
Progress (2): 134 kB | 38 kB
Progress (2): 138 kB | 38 kB
Progress (2): 142 kB | 38 kB
Progress (2): 147 kB | 38 kB
Progress (2): 151 kB | 38 kB
Progress (2): 153 kB | 38 kB
Progress (2): 157 kB | 38 kB
Progress (2): 157 kB | 41 kB
Progress (2): 161 kB | 41 kB
Progress (2): 161 kB | 45 kB
Progress (2): 165 kB | 45 kB
Progress (2): 165 kB | 49 kB
Progress (2): 168 kB | 49 kB
Progress (2): 168 kB | 53 kB
Progress (2): 171 kB | 53 kB
Progress (2): 171 kB | 57 kB
Progress (2): 174 kB | 57 kB
Progress (2): 178 kB | 57 kB
Progress (2): 178 kB | 61 kB
Progress (2): 182 kB | 61 kB
Progress (2): 182 kB | 65 kB
Progress (2): 186 kB | 65 kB
Progress (2): 190 kB | 65 kB
Progress (2): 194 kB | 65 kB
Progress (2): 194 kB | 69 kB
Progress (2): 198 kB | 69 kB
Progress (2): 198 kB | 71 kB
Progress (2): 201 kB | 71 kB
Progress (2): 201 kB | 75 kB
Progress (2): 203 kB | 75 kB
Progress (2): 203 kB | 79 kB
Progress (2): 203 kB | 83 kB
Progress (2): 206 kB | 83 kB
Progress (2): 206 kB | 88 kB
Progress (2): 206 kB | 90 kB
Progress (2): 206 kB | 93 kB
Progress (2): 206 kB | 95 kB
Progress (2): 206 kB | 98 kB
Progress (2): 210 kB | 98 kB
Progress (2): 214 kB | 98 kB
Progress (2): 218 kB | 98 kB
Progress (2): 222 kB | 98 kB
Progress (2): 226 kB | 98 kB
Progress (2): 226 kB | 101 kB
Progress (2): 231 kB | 101 kB
Progress (2): 231 kB | 105 kB
Progress (2): 235 kB | 105 kB
Progress (2): 235 kB | 108 kB
Progress (2): 237 kB | 108 kB
Progress (2): 237 kB | 111 kB
Progress (2): 240 kB | 111 kB
Progress (2): 244 kB | 111 kB
Progress (2): 244 kB | 115 kB
Progress (2): 248 kB | 115 kB
Progress (2): 248 kB | 119 kB
Progress (2): 248 kB | 123 kB
Progress (2): 252 kB | 123 kB
Progress (2): 252 kB | 127 kB
Progress (2): 256 kB | 127 kB
Progress (2): 256 kB | 129 kB
Progress (2): 256 kB | 132 kB
Progress (2): 256 kB | 134 kB
Progress (2): 256 kB | 137 kB
Progress (2): 256 kB | 141 kB
Progress (2): 256 kB | 144 kB
Progress (2): 256 kB | 148 kB
Progress (2): 256 kB | 152 kB
Progress (2): 256 kB | 156 kB
Progress (2): 256 kB | 160 kB
Progress (2): 256 kB | 163 kB
Progress (2): 260 kB | 163 kB
Progress (2): 260 kB | 166 kB
Progress (2): 264 kB | 166 kB
Progress (2): 264 kB | 168 kB
Progress (2): 268 kB | 168 kB
Progress (2): 268 kB | 171 kB
Progress (2): 272 kB | 171 kB
Progress (2): 276 kB | 171 kB
Progress (2): 276 kB | 173 kB
Progress (2): 279 kB | 173 kB
Progress (2): 283 kB | 173 kB
Progress (2): 287 kB | 173 kB
Progress (2): 291 kB | 173 kB
Progress (2): 294 kB | 173 kB
Progress (2): 298 kB | 173 kB
Progress (2): 303 kB | 173 kB
Progress (2): 306 kB | 173 kB
Progress (2): 310 kB | 173 kB
Progress (2): 314 kB | 173 kB
Progress (2): 318 kB | 173 kB
Progress (2): 322 kB | 173 kB
Progress (2): 325 kB | 173 kB
Progress (2): 329 kB | 173 kB
Progress (2): 334 kB | 173 kB
Progress (2): 336 kB | 173 kB
Progress (2): 340 kB | 173 kB
Progress (2): 345 kB | 173 kB
Progress (2): 349 kB | 173 kB
Progress (2): 352 kB | 173 kB
Progress (2): 355 kB | 173 kB
Progress (2): 359 kB | 173 kB
Progress (2): 363 kB | 173 kB
Progress (2): 367 kB | 173 kB
Progress (2): 371 kB | 173 kB
Progress (2): 374 kB | 173 kB
Progress (3): 374 kB | 173 kB | 2.6 kB
Progress (3): 374 kB | 173 kB | 5.4 kB
Progress (3): 374 kB | 173 kB | 9.5 kB
Progress (3): 374 kB | 173 kB | 12 kB 
Progress (3): 374 kB | 173 kB | 15 kB
Progress (3): 374 kB | 173 kB | 18 kB
Progress (3): 374 kB | 173 kB | 21 kB
Progress (3): 374 kB | 173 kB | 25 kB
Progress (3): 374 kB | 173 kB | 29 kB
Progress (3): 374 kB | 173 kB | 33 kB
Progress (3): 374 kB | 173 kB | 36 kB
Progress (3): 374 kB | 173 kB | 40 kB
Progress (3): 374 kB | 173 kB | 43 kB
Progress (3): 374 kB | 173 kB | 47 kB
Progress (3): 374 kB | 173 kB | 52 kB
Progress (3): 374 kB | 173 kB | 56 kB
Progress (3): 374 kB | 173 kB | 59 kB
Progress (3): 374 kB | 173 kB | 61 kB
Progress (3): 374 kB | 173 kB | 64 kB
Progress (3): 374 kB | 173 kB | 68 kB
Progress (3): 374 kB | 173 kB | 71 kB
Progress (3): 374 kB | 173 kB | 74 kB
Progress (3): 374 kB | 173 kB | 74 kB
                                     
Downloaded from aiban-tianyin-core: https://aiban-maven.pkg.coding.net/repository/tianyin/core/org/apache/ws/xmlschema/xmlschema-core/2.3.1/xmlschema-core-2.3.1.jar (173 kB at 126 kB/s)
Downloaded from aiban-tianyin-core: https://aiban-maven.pkg.coding.net/repository/tianyin/core/org/apache/woden/woden-core/1.0M10/woden-core-1.0M10.jar (374 kB at 271 kB/s)
Downloading from aiban-tianyin-core: https://aiban-maven.pkg.coding.net/repository/tianyin/core/org/apache/axis2/axis2-transport-local/1.8.2/axis2-transport-local-1.8.2.jar
Downloading from aiban-tianyin-core: https://aiban-maven.pkg.coding.net/repository/tianyin/core/org/apache/axis2/axis2-transport-http/1.8.2/axis2-transport-http-1.8.2.jar
Progress (2): 74 kB | 2.6 kB
Progress (2): 74 kB | 5.4 kB
Progress (2): 74 kB | 9.5 kB
Progress (2): 74 kB | 12 kB 
Progress (2): 74 kB | 15 kB
Progress (2): 74 kB | 18 kB
Progress (2): 74 kB | 22 kB
Progress (2): 74 kB | 25 kB
Progress (2): 74 kB | 29 kB
Progress (2): 74 kB | 33 kB
Progress (2): 74 kB | 37 kB
Progress (2): 74 kB | 41 kB
Progress (2): 74 kB | 45 kB
Progress (2): 74 kB | 47 kB
Progress (2): 74 kB | 51 kB
Progress (2): 74 kB | 55 kB
Progress (2): 74 kB | 60 kB
Progress (2): 74 kB | 64 kB
Progress (2): 74 kB | 66 kB
Progress (2): 74 kB | 69 kB
Progress (2): 74 kB | 71 kB
Progress (2): 74 kB | 74 kB
Progress (2): 74 kB | 78 kB
Progress (2): 74 kB | 82 kB
Progress (2): 74 kB | 86 kB
Progress (2): 74 kB | 89 kB
Progress (2): 74 kB | 93 kB
Progress (2): 74 kB | 98 kB
Progress (2): 74 kB | 101 kB
Progress (2): 74 kB | 105 kB
Progress (2): 74 kB | 108 kB
Progress (2): 74 kB | 110 kB
Progress (2): 74 kB | 115 kB
Progress (2): 74 kB | 118 kB
Progress (2): 74 kB | 122 kB
Progress (2): 74 kB | 126 kB
Progress (2): 74 kB | 130 kB
Progress (2): 74 kB | 133 kB
Progress (2): 74 kB | 136 kB
Progress (2): 74 kB | 140 kB
Progress (2): 74 kB | 143 kB
Progress (2): 74 kB | 147 kB
Progress (2): 74 kB | 150 kB
Progress (2): 74 kB | 154 kB
Progress (2): 74 kB | 157 kB
Progress (2): 74 kB | 160 kB
Progress (2): 74 kB | 164 kB
Progress (2): 74 kB | 167 kB
Progress (2): 74 kB | 171 kB
Progress (2): 74 kB | 174 kB
Progress (2): 74 kB | 176 kB
Progress (2): 74 kB | 179 kB
Progress (2): 74 kB | 183 kB
Progress (2): 74 kB | 188 kB
Progress (2): 74 kB | 192 kB
Progress (2): 74 kB | 196 kB
Progress (2): 74 kB | 200 kB
Progress (2): 74 kB | 203 kB
Progress (2): 74 kB | 206 kB
Progress (2): 74 kB | 209 kB
Progress (2): 74 kB | 211 kB
Progress (2): 74 kB | 214 kB
Progress (2): 74 kB | 217 kB
Progress (2): 74 kB | 220 kB
Progress (2): 74 kB | 223 kB
Progress (2): 74 kB | 226 kB
Progress (2): 74 kB | 230 kB
Progress (2): 74 kB | 234 kB
Progress (2): 74 kB | 237 kB
Progress (2): 74 kB | 239 kB
Progress (2): 74 kB | 242 kB
Progress (2): 74 kB | 246 kB
Progress (2): 74 kB | 250 kB
Progress (2): 74 kB | 254 kB
Progress (2): 74 kB | 258 kB
Progress (2): 74 kB | 263 kB
Progress (2): 74 kB | 267 kB
Progress (2): 74 kB | 271 kB
Progress (2): 74 kB | 275 kB
Progress (2): 74 kB | 279 kB
Progress (2): 74 kB | 283 kB
Progress (2): 74 kB | 287 kB
Progress (2): 74 kB | 291 kB
Progress (2): 74 kB | 295 kB
Progress (2): 74 kB | 299 kB
Progress (2): 74 kB | 303 kB
Progress (2): 74 kB | 308 kB
Progress (2): 74 kB | 312 kB
Progress (2): 74 kB | 316 kB
Progress (2): 74 kB | 320 kB
Progress (2): 74 kB | 324 kB
Progress (2): 74 kB | 328 kB
Progress (2): 74 kB | 332 kB
Progress (2): 74 kB | 336 kB
Progress (2): 74 kB | 340 kB
Progress (2): 74 kB | 344 kB
Progress (2): 74 kB | 349 kB
Progress (2): 74 kB | 353 kB
Progress (2): 74 kB | 357 kB
Progress (2): 74 kB | 361 kB
Progress (2): 74 kB | 365 kB
Progress (2): 74 kB | 369 kB
Progress (2): 74 kB | 373 kB
Progress (2): 74 kB | 377 kB
Progress (2): 74 kB | 381 kB
Progress (2): 74 kB | 385 kB
Progress (2): 74 kB | 389 kB
Progress (2): 74 kB | 394 kB
Progress (2): 74 kB | 398 kB
Progress (2): 74 kB | 402 kB
Progress (2): 74 kB | 406 kB
Progress (2): 74 kB | 410 kB
Progress (2): 74 kB | 414 kB
Progress (2): 74 kB | 418 kB
Progress (2): 74 kB | 422 kB
Progress (2): 74 kB | 426 kB
Progress (2): 74 kB | 430 kB
Progress (3): 74 kB | 430 kB | 4.1 kB
Progress (3): 74 kB | 430 kB | 8.2 kB
Progress (3): 74 kB | 434 kB | 8.2 kB
Progress (3): 74 kB | 434 kB | 11 kB 
Progress (3): 74 kB | 439 kB | 11 kB
Progress (3): 74 kB | 443 kB | 11 kB
Progress (3): 74 kB | 447 kB | 11 kB
Progress (3): 74 kB | 451 kB | 11 kB
Progress (3): 74 kB | 455 kB | 11 kB
Progress (3): 74 kB | 459 kB | 11 kB
Progress (3): 74 kB | 463 kB | 11 kB
Progress (3): 74 kB | 467 kB | 11 kB
Progress (3): 74 kB | 471 kB | 11 kB
Progress (3): 74 kB | 475 kB | 11 kB
Progress (3): 74 kB | 479 kB | 11 kB
Progress (3): 74 kB | 484 kB | 11 kB
Progress (3): 74 kB | 488 kB | 11 kB
Progress (3): 74 kB | 492 kB | 11 kB
Progress (3): 74 kB | 496 kB | 11 kB
Progress (3): 74 kB | 500 kB | 11 kB
Progress (3): 74 kB | 504 kB | 11 kB
Progress (3): 74 kB | 508 kB | 11 kB
Progress (3): 74 kB | 512 kB | 11 kB
Progress (3): 74 kB | 516 kB | 11 kB
Progress (3): 74 kB | 520 kB | 11 kB
Progress (3): 74 kB | 525 kB | 11 kB
Progress (3): 74 kB | 529 kB | 11 kB
Progress (3): 74 kB | 533 kB | 11 kB
Progress (3): 74 kB | 537 kB | 11 kB
Progress (3): 74 kB | 541 kB | 11 kB
Progress (3): 74 kB | 545 kB | 11 kB
Progress (3): 74 kB | 549 kB | 11 kB
Progress (3): 74 kB | 553 kB | 11 kB
Progress (3): 74 kB | 557 kB | 11 kB
Progress (3): 74 kB | 561 kB | 11 kB
Progress (3): 74 kB | 565 kB | 11 kB
Progress (3): 74 kB | 570 kB | 11 kB
Progress (3): 74 kB | 574 kB | 11 kB
Progress (3): 74 kB | 578 kB | 11 kB
Progress (3): 74 kB | 582 kB | 11 kB
Progress (3): 74 kB | 586 kB | 11 kB
Progress (3): 74 kB | 589 kB | 11 kB
Progress (3): 74 kB | 592 kB | 11 kB
Progress (3): 74 kB | 594 kB | 11 kB
Progress (3): 74 kB | 599 kB | 11 kB
Progress (3): 74 kB | 603 kB | 11 kB
Progress (3): 74 kB | 606 kB | 11 kB
Progress (3): 74 kB | 609 kB | 11 kB
Progress (3): 74 kB | 612 kB | 11 kB
Progress (3): 74 kB | 614 kB | 11 kB
Progress (3): 74 kB | 617 kB | 11 kB
Progress (3): 74 kB | 620 kB | 11 kB
Progress (3): 74 kB | 624 kB | 11 kB
Progress (3): 74 kB | 626 kB | 11 kB
Progress (3): 74 kB | 629 kB | 11 kB
Progress (3): 74 kB | 633 kB | 11 kB
Progress (3): 74 kB | 638 kB | 11 kB
Progress (3): 74 kB | 642 kB | 11 kB
Progress (3): 74 kB | 646 kB | 11 kB
Progress (3): 74 kB | 650 kB | 11 kB
Progress (3): 74 kB | 654 kB | 11 kB
Progress (3): 74 kB | 658 kB | 11 kB
Progress (3): 74 kB | 662 kB | 11 kB
Progress (3): 74 kB | 666 kB | 11 kB
Progress (3): 74 kB | 670 kB | 11 kB
Progress (3): 74 kB | 670 kB | 15 kB
Progress (3): 74 kB | 673 kB | 15 kB
Progress (3): 74 kB | 673 kB | 19 kB
Progress (3): 74 kB | 676 kB | 19 kB
Progress (3): 74 kB | 676 kB | 23 kB
Progress (3): 74 kB | 680 kB | 23 kB
Progress (3): 74 kB | 680 kB | 27 kB
Progress (3): 74 kB | 680 kB | 27 kB
Progress (3): 74 kB | 680 kB | 31 kB
Progress (3): 74 kB | 680 kB | 33 kB
Progress (3): 74 kB | 680 kB | 36 kB
Progress (3): 74 kB | 680 kB | 39 kB
Progress (3): 74 kB | 680 kB | 42 kB
Progress (3): 74 kB | 680 kB | 44 kB
Progress (3): 74 kB | 680 kB | 49 kB
Progress (3): 74 kB | 680 kB | 51 kB
Progress (3): 74 kB | 680 kB | 54 kB
Progress (3): 74 kB | 680 kB | 58 kB
Progress (3): 74 kB | 680 kB | 63 kB
Progress (3): 74 kB | 680 kB | 67 kB
Progress (3): 74 kB | 680 kB | 71 kB
Progress (3): 74 kB | 680 kB | 75 kB
Progress (3): 74 kB | 680 kB | 79 kB
Progress (3): 74 kB | 680 kB | 83 kB
Progress (3): 74 kB | 680 kB | 87 kB
Progress (3): 74 kB | 680 kB | 91 kB
                                    
Downloaded from aiban-tianyin-core: https://aiban-maven.pkg.coding.net/repository/tianyin/core/org/apache/neethi/neethi/3.2.0/neethi-3.2.0.jar (74 kB at 49 kB/s)
Downloading from aiban-tianyin-core: https://aiban-maven.pkg.coding.net/repository/tianyin/core/org/apache/axis2/addressing/1.8.2/addressing-1.8.2.mar
Progress (2): 680 kB | 95 kB
Progress (2): 680 kB | 99 kB
Progress (2): 680 kB | 103 kB
Progress (2): 680 kB | 108 kB
Progress (2): 680 kB | 111 kB
Progress (2): 680 kB | 113 kB
Progress (2): 680 kB | 117 kB
Progress (2): 680 kB | 119 kB
Progress (2): 680 kB | 123 kB
Progress (2): 680 kB | 127 kB
Progress (2): 680 kB | 131 kB
Progress (2): 680 kB | 135 kB
Progress (2): 680 kB | 140 kB
Progress (2): 680 kB | 144 kB
Progress (2): 680 kB | 148 kB
Progress (2): 680 kB | 152 kB
Progress (2): 680 kB | 156 kB
Progress (2): 680 kB | 160 kB
Progress (2): 680 kB | 164 kB
Progress (2): 680 kB | 168 kB
Progress (2): 680 kB | 172 kB
Progress (2): 680 kB | 176 kB
Progress (2): 680 kB | 181 kB
Progress (2): 680 kB | 185 kB
Progress (2): 680 kB | 189 kB
Progress (2): 680 kB | 190 kB
Progress (3): 680 kB | 190 kB | 3.8 kB
Progress (3): 680 kB | 190 kB | 7.9 kB
Progress (3): 680 kB | 190 kB | 11 kB 
Progress (3): 680 kB | 190 kB | 14 kB
Progress (3): 680 kB | 190 kB | 16 kB
Progress (3): 680 kB | 190 kB | 18 kB
                                     
Downloaded from aiban-tianyin-core: https://aiban-maven.pkg.coding.net/repository/tianyin/core/org/apache/ws/commons/axiom/axiom-dom/1.4.0/axiom-dom-1.4.0.jar (680 kB at 411 kB/s)
Downloading from aiban-tianyin-core: https://aiban-maven.pkg.coding.net/repository/tianyin/core/org/codehaus/woodstox/stax2-api/4.2.2/stax2-api-4.2.2.jar
Downloaded from aiban-tianyin-core: https://aiban-maven.pkg.coding.net/repository/tianyin/core/org/apache/axis2/axis2-adb/1.8.2/axis2-adb-1.8.2.jar (190 kB at 110 kB/s)
Downloaded from aiban-tianyin-core: https://aiban-maven.pkg.coding.net/repository/tianyin/core/org/apache/axis2/axis2-transport-local/1.8.2/axis2-transport-local-1.8.2.jar (18 kB at 10 kB/s)
Progress (1): 4.1 kB
Progress (1): 8.2 kB
Progress (1): 12 kB 
Progress (1): 16 kB
Progress (1): 20 kB
Progress (1): 24 kB
Progress (1): 28 kB
Progress (1): 32 kB
Progress (1): 36 kB
Progress (1): 39 kB
Progress (1): 43 kB
Progress (1): 47 kB
Progress (1): 52 kB
Progress (1): 54 kB
Progress (1): 58 kB
Progress (1): 63 kB
Progress (1): 67 kB
Progress (1): 70 kB
Progress (1): 74 kB
Progress (1): 78 kB
Progress (1): 82 kB
Progress (1): 86 kB
Progress (1): 90 kB
Progress (1): 94 kB
Progress (1): 99 kB
Progress (1): 101 kB
Progress (1): 105 kB
Progress (1): 108 kB
Progress (1): 110 kB
Progress (1): 115 kB
Progress (1): 118 kB
Progress (1): 120 kB
Progress (2): 120 kB | 4.1 kB
Progress (2): 120 kB | 6.9 kB
Progress (2): 123 kB | 6.9 kB
Progress (2): 123 kB | 11 kB 
Progress (2): 127 kB | 11 kB
Progress (2): 131 kB | 11 kB
Progress (2): 134 kB | 11 kB
Progress (2): 134 kB | 14 kB
Progress (2): 137 kB | 14 kB
Progress (2): 141 kB | 14 kB
Progress (2): 145 kB | 14 kB
Progress (2): 146 kB | 14 kB
Progress (2): 146 kB | 18 kB
Progress (2): 146 kB | 22 kB
Progress (2): 146 kB | 25 kB
Progress (2): 146 kB | 29 kB
Progress (2): 146 kB | 33 kB
Progress (2): 146 kB | 34 kB
                            
Downloaded from aiban-tianyin-core: https://aiban-maven.pkg.coding.net/repository/tianyin/core/org/codehaus/woodstox/stax2-api/4.2.2/stax2-api-4.2.2.jar (0 B at 0 B/s)
Downloaded from aiban-tianyin-core: https://aiban-maven.pkg.coding.net/repository/tianyin/core/org/apache/axis2/axis2-transport-http/1.8.2/axis2-transport-http-1.8.2.jar (146 kB at 73 kB/s)
Downloaded from aiban-tianyin-core: https://aiban-maven.pkg.coding.net/repository/tianyin/core/org/apache/axis2/addressing/1.8.2/addressing-1.8.2.mar (34 kB at 17 kB/s)
[[1;34mINFO[m] 
[[1;34mINFO[m] [1m--- [0;32mmaven-clean-plugin:3.4.0:clean[m [1m(default-clean)[m @ [36maxis2-client-spring-boot-starter[0;1m ---[m
[[1;34mINFO[m] Deleting /Users/wandl/workspaces/workspace-ddd4j/workspace-ddd4j-boot-starters/axis2-client-spring-boot-starter/target
[[1;34mINFO[m] 
[[1;34mINFO[m] [1m--- [0;32mmaven-enforcer-plugin:3.5.0:enforce[m [1m(default-cli)[m @ [36maxis2-client-spring-boot-starter[0;1m ---[m
[[1;34mINFO[m] Rule 1: org.apache.maven.enforcer.rules.version.RequireJavaVersion passed
[[1;34mINFO[m] [1m------------------------------------------------------------------------[m
[[1;34mINFO[m] [1;31mBUILD FAILURE[m
[[1;34mINFO[m] [1m------------------------------------------------------------------------[m
[[1;34mINFO[m] Total time:  13.920 s
[[1;34mINFO[m] Finished at: 2026-03-16T13:39:52+08:00
[[1;34mINFO[m] [1m------------------------------------------------------------------------[m
[[1;31mERROR[m] Failed to execute goal [32morg.apache.maven.plugins:maven-enforcer-plugin:3.5.0:enforce[m [1m(default-cli)[m on project [36maxis2-client-spring-boot-starter[m: [1;31m[m
[[1;31mERROR[m] [1;31mRule 0: org.apache.maven.enforcer.rules.version.RequireMavenVersion failed with message:[m
[[1;31mERROR[m] [1;31mYou are running an older version of Maven. This application requires at least Maven 3.9.9.[m
[[1;31mERROR[m] -> [1m[Help 1][m
[[1;31mERROR[m] 
[[1;31mERROR[m] To see the full stack trace of the errors, re-run Maven with the [1m-e[m switch.
[[1;31mERROR[m] Re-run Maven using the [1m-X[m switch to enable full debug logging.
[[1;31mERROR[m] 
[[1;31mERROR[m] For more information about the errors and possible solutions, please read the following articles:
[[1;31mERROR[m] [1m[Help 1][m http://cwiki.apache.org/confluence/display/MAVEN/MojoExecutionException
[axis2-client-spring-boot-starter/3.3.x] 失败 - 查看日志
[axis2-client-spring-boot-starter/3.4.x] 失败 - 分支切换失败
[axis2-client-spring-boot-starter/3.5.x] 失败 - 分支切换失败
[[1;34mINFO[m] Scanning for projects...
[[1;34mINFO[m] 
[[1;34mINFO[m] [1m---------< [0;36mio.github.hiwepy:axis2-client-spring-boot-starter[0;1m >---------[m
[[1;34mINFO[m] [1mBuilding io.github.hiwepy:axis2-client-spring-boot-starter 4.0.x.20251227-SNAPSHOT[m
[[1;34mINFO[m] [1m--------------------------------[ jar ]---------------------------------[m
[[1;34mINFO[m] 
[[1;34mINFO[m] [1m--- [0;32mmaven-clean-plugin:3.4.0:clean[m [1m(default-clean)[m @ [36maxis2-client-spring-boot-starter[0;1m ---[m
[[1;34mINFO[m] 
[[1;34mINFO[m] [1m--- [0;32mmaven-enforcer-plugin:3.5.0:enforce[m [1m(default-cli)[m @ [36maxis2-client-spring-boot-starter[0;1m ---[m
[[1;34mINFO[m] Rule 1: org.apache.maven.enforcer.rules.version.RequireJavaVersion passed
[[1;34mINFO[m] [1m------------------------------------------------------------------------[m
[[1;34mINFO[m] [1;31mBUILD FAILURE[m
[[1;34mINFO[m] [1m------------------------------------------------------------------------[m
[[1;34mINFO[m] Total time:  0.284 s
[[1;34mINFO[m] Finished at: 2026-03-16T13:39:53+08:00
[[1;34mINFO[m] [1m------------------------------------------------------------------------[m
[[1;31mERROR[m] Failed to execute goal [32morg.apache.maven.plugins:maven-enforcer-plugin:3.5.0:enforce[m [1m(default-cli)[m on project [36maxis2-client-spring-boot-starter[m: [1;31m[m
[[1;31mERROR[m] [1;31mRule 0: org.apache.maven.enforcer.rules.version.RequireMavenVersion failed with message:[m
[[1;31mERROR[m] [1;31mYou are running an older version of Maven. This application requires at least Maven 3.9.9.[m
[[1;31mERROR[m] -> [1m[Help 1][m
[[1;31mERROR[m] 
[[1;31mERROR[m] To see the full stack trace of the errors, re-run Maven with the [1m-e[m switch.
[[1;31mERROR[m] Re-run Maven using the [1m-X[m switch to enable full debug logging.
[[1;31mERROR[m] 
[[1;31mERROR[m] For more information about the errors and possible solutions, please read the following articles:
[[1;31mERROR[m] [1m[Help 1][m http://cwiki.apache.org/confluence/display/MAVEN/MojoExecutionException
[axis2-client-spring-boot-starter/4.0.x] 失败 - 查看日志
[axis2-client-spring-boot-starter/master] 失败 - 分支切换失败
